Starting test...
Current directory: E:\JulesGemini
Python path: ['E:\\JulesGemini', 'src', 'E:\\JulesGemini', '.', 'E:\\JulesGemini', 'E:\\JulesGemini\\tests\\.', 'E:\\JulesGemini', '.', 'E:\\JulesGemini', 'src', 'E:\\JulesGemini\\tests\\security', 'src', 'E:\\JulesGemini\\tests\\security', 'src', 'E:\\JulesGemini\\tests\\security', '.', 'E:\\JulesGemini', 'E:\\JulesGemini\\tests\\monitoring', 'E:\\JulesGemini\\tests\\monitoring\\src', 'E:\\JulesGemini\\tests\\monitoring', 'E:\\JulesGemini\\tests\\ml', 'E:\\JulesGemini\\tests', 'E:\\JulesGemini\\tests\\ml', 'E:\\JulesGemini\\tests\\ml', 'E:\\JulesGemini\\tests', 'E:\\JulesGemini\\tests\\ml', 'E:\\JulesGemini', 'E:\\JulesGemini\\tests\\integration\\src', 'E:\\JulesGemini', 'src', 'E:\\JulesGemini', 'E:\\JulesGemini\\tests\\integration\\src', 'E:\\JulesGemini', 'E:\\JulesGemini\\tests\\integration', 'E:\\JulesGemini', 'src', 'E:\\JulesGemini', 'src', 'E:\\JulesGemini', 'src', 'E:\\JulesGemini', 'E:\\JulesGemini\\tests\\core', 'E:\\JulesGemini\\tests', 'E:\\JulesGemini\\tests\\core', 'E:\\JulesGemini\\tests\\src', 'E:\\JulesGemini', 'E:\\JulesGemini\\tests\\broker', 'E:\\JulesGemini\\tests', 'E:\\JulesGemini\\tests\\broker', 'E:\\JulesGemini\\tests\\broker\\src', 'E:\\JulesGemini\\tests\\broker', 'E:\\JulesGemini\\tests\\src', 'E:\\JulesGemini', 'C:\\python\\Scripts\\pytest.exe', 'C:\\python\\python311.zip', 'C:\\python\\DLLs', 'C:\\python\\Lib', 'C:\\python', 'C:\\Users\\devil\\AppData\\Roaming\\Python\\Python311\\site-packages', 'C:\\Users\\devil\\AppData\\Roaming\\Python\\Python311\\site-packages\\win32', 'C:\\Users\\devil\\AppData\\Roaming\\Python\\Python311\\site-packages\\win32\\lib', 'C:\\Users\\devil\\AppData\\Roaming\\Python\\Python311\\site-packages\\Pythonwin', 'C:\\python\\Lib\\site-packages', 'E:\\JulesGemini\\tests\\core', 'E:\\JulesGemini\\tests\\performance', 'E:\\JulesGemini\\tests\\performance\\src']
Successfully imported BoundedMetricsStorage
Created storage with maxlen=5
Test completed successfully!
